2026-01-10 01:50:58,784 INFO: HRMS startup [in E:\hrms-assignment\app.py:67]
2026-01-10 01:50:59,620 INFO: HRMS startup [in E:\hrms-assignment\app.py:67]
2026-01-10 01:51:06,115 INFO: Request 19bbe00c-9c8b-4a0c-9787-a00a3898a57e completed in 0.059s [in E:\hrms-assignment\app.py:87]
2026-01-10 01:51:35,660 INFO: Request e5303dba-72cd-44a1-b59e-9a13564b5580 completed in 0.038s [in E:\hrms-assignment\app.py:87]
2026-01-10 01:51:35,702 INFO: Request ca929e4a-74f5-4a47-a33e-cd799baccc24 completed in 0.007s [in E:\hrms-assignment\app.py:87]
2026-01-10 01:52:51,591 INFO: Request 40e27f63-3a89-4164-bf31-306019424572 completed in 0.051s [in E:\hrms-assignment\app.py:87]
2026-01-10 01:52:51,701 INFO: Request 99df758a-5f26-4554-be92-2b627e537957 completed in 0.016s [in E:\hrms-assignment\app.py:87]
2026-01-10 01:53:37,573 INFO: HRMS startup [in E:\hrms-assignment\app.py:67]
2026-01-10 01:53:54,916 INFO: HRMS startup [in E:\hrms-assignment\app.py:67]
2026-01-10 01:53:55,884 INFO: HRMS startup [in E:\hrms-assignment\app.py:67]
2026-01-10 01:54:02,388 INFO: Request b9c9a28c-a4e3-4836-a9be-542375419cee completed in 0.057s [in E:\hrms-assignment\app.py:87]
2026-01-10 01:54:09,506 INFO: Request 24ef28eb-cecd-42da-9d8b-54bfb1b475c6 completed in 0.023s [in E:\hrms-assignment\app.py:87]
2026-01-10 01:54:59,258 INFO: Request cec28ba1-f2d0-44a1-8824-b6d0d49338aa completed in 0.012s [in E:\hrms-assignment\app.py:87]
2026-01-10 01:55:04,527 INFO: Request d54008ec-f62c-4fbf-8578-040fd77da067 completed in 0.000s [in E:\hrms-assignment\app.py:87]
2026-01-10 01:55:05,421 INFO: Request 98e1efec-339b-4474-9d91-330fe229ddab completed in 0.007s [in E:\hrms-assignment\app.py:87]
2026-01-10 01:55:08,618 INFO: Request fab14b75-ce08-49d6-b880-c255d95d4d25 completed in 0.000s [in E:\hrms-assignment\app.py:87]
2026-01-10 01:55:52,187 INFO: HRMS startup [in E:\hrms-assignment\app.py:67]
2026-01-10 01:56:07,244 INFO: HRMS startup [in E:\hrms-assignment\app.py:67]
2026-01-10 01:56:08,051 INFO: HRMS startup [in E:\hrms-assignment\app.py:67]
2026-01-10 01:56:10,426 INFO: Request f1df7316-b6a7-4c51-8f95-f64bb3966a4d completed in 0.071s [in E:\hrms-assignment\app.py:87]
2026-01-10 01:56:10,913 INFO: Request d4a759da-96c6-4f57-a546-0b4e653644f2 completed in 0.208s [in E:\hrms-assignment\app.py:87]
2026-01-10 01:56:33,851 INFO: Request e4622e98-7025-4606-8da0-bb8c7f778ff5 completed in 0.021s [in E:\hrms-assignment\app.py:87]
2026-01-10 01:56:46,757 INFO: Request ffd703ad-78cd-426c-a544-632a3426a07f completed in 0.000s [in E:\hrms-assignment\app.py:87]
2026-01-10 01:56:48,256 INFO: Request aef8621a-1999-4be9-83bd-24d07d0fae9c completed in 0.000s [in E:\hrms-assignment\app.py:87]
2026-01-10 01:56:48,411 INFO: Request 0dde874d-94a4-43b4-b1fd-ddc34555fd82 completed in 0.000s [in E:\hrms-assignment\app.py:87]
2026-01-10 01:56:48,643 INFO: Request eebd0315-6bfb-455e-8fa6-15843d708a2e completed in 0.000s [in E:\hrms-assignment\app.py:87]
2026-01-10 01:56:56,302 INFO: Request 4ed87362-fa02-4249-9744-7fa3e758acc4 completed in 0.001s [in E:\hrms-assignment\app.py:87]
2026-01-10 01:57:58,627 INFO: HRMS startup [in E:\hrms-assignment\app.py:67]
2026-01-10 01:58:14,288 INFO: HRMS startup [in E:\hrms-assignment\app.py:67]
2026-01-10 01:58:15,066 INFO: HRMS startup [in E:\hrms-assignment\app.py:67]
2026-01-10 01:58:18,577 INFO: Request 6e280fc2-a22c-4ff3-9b0e-02f2ee3e819a completed in 0.067s [in E:\hrms-assignment\app.py:87]
2026-01-10 01:58:19,000 INFO: Request dd6c59b7-9e9d-481e-b9ee-4d1184b076c2 completed in 0.186s [in E:\hrms-assignment\app.py:87]
2026-01-10 01:58:19,002 INFO: Request 5089a381-05b3-4fb7-9f5b-cedcaa0e972f completed in 0.196s [in E:\hrms-assignment\app.py:87]
2026-01-10 01:58:34,603 INFO: Created attendance for employee 3 on 2026-01-09 [in E:\hrms-assignment\app.py:528]
2026-01-10 01:58:34,604 INFO: Request 0ca1dbc3-0aae-4782-b926-63f84b222c40 completed in 0.042s [in E:\hrms-assignment\app.py:87]
2026-01-10 01:58:34,645 INFO: Request f1e3ad13-406e-4013-a046-ee0a3865b022 completed in 0.008s [in E:\hrms-assignment\app.py:87]
2026-01-10 01:58:49,701 INFO: Updated attendance for employee 3 on 2026-01-09 [in E:\hrms-assignment\app.py:517]
2026-01-10 01:58:49,702 INFO: Request c723eed7-3024-4d08-a57e-04f323507672 completed in 0.031s [in E:\hrms-assignment\app.py:87]
2026-01-10 01:58:49,731 INFO: Request 3a35878a-0146-4f47-a9e4-af9dcdbe6f5c completed in 0.004s [in E:\hrms-assignment\app.py:87]
2026-01-10 01:59:20,422 INFO: Request d46245e3-7c50-468c-b33e-6420422d7749 completed in 0.014s [in E:\hrms-assignment\app.py:87]
2026-01-10 01:59:31,385 INFO: Request ba71192b-2114-4278-99a0-848b3bf01f98 completed in 0.008s [in E:\hrms-assignment\app.py:87]
2026-01-10 01:59:48,416 INFO: Created attendance for employee 2 on 2026-01-09 [in E:\hrms-assignment\app.py:528]
2026-01-10 01:59:48,417 INFO: Request f5c812ef-1543-4100-a919-7a815735857f completed in 0.030s [in E:\hrms-assignment\app.py:87]
2026-01-10 01:59:48,447 INFO: Request 6f4e5e57-9b5e-472c-bb26-563b81a25a63 completed in 0.006s [in E:\hrms-assignment\app.py:87]
2026-01-10 02:01:23,825 INFO: Request f7aed290-7306-44e9-a631-65d6309bca51 completed in 0.305s [in E:\hrms-assignment\app.py:87]
2026-01-10 02:01:24,168 INFO: Request df56b9bd-3f17-40b7-8c5c-ef931a8f479f completed in 0.030s [in E:\hrms-assignment\app.py:87]
2026-01-10 02:01:24,171 INFO: Request cbddee79-25ae-4a10-962c-aa6633b8e5d4 completed in 0.060s [in E:\hrms-assignment\app.py:87]
2026-01-10 02:04:00,964 INFO: HRMS startup [in E:\hrms-assignment\app.py:67]
2026-01-10 02:04:24,346 INFO: HRMS startup [in E:\hrms-assignment\app.py:67]
2026-01-10 02:04:26,916 INFO: HRMS startup [in E:\hrms-assignment\app.py:67]
2026-01-10 02:04:28,847 INFO: Request 5c5b26c0-1053-4ed8-90e9-96553ab3f477 completed in 0.078s [in E:\hrms-assignment\app.py:87]
2026-01-10 02:04:29,660 INFO: Request 45835fad-7820-4d3c-bcae-2055056492d1 completed in 0.242s [in E:\hrms-assignment\app.py:87]
2026-01-10 02:04:29,662 INFO: Request ed7b7e65-5da9-4113-a086-eea0c22548a3 completed in 0.259s [in E:\hrms-assignment\app.py:87]
2026-01-10 02:04:34,739 INFO: Request 12ac223f-f658-4bf6-a1eb-81fe1a28dc47 completed in 0.026s [in E:\hrms-assignment\app.py:87]
2026-01-10 02:05:44,444 INFO: Request 6030f3fe-4d58-4835-8e5b-76adcd620353 completed in 0.069s [in E:\hrms-assignment\app.py:87]
2026-01-10 02:05:50,483 INFO: Request 440ed512-79a8-495f-a18c-3e92181c20d3 completed in 0.131s [in E:\hrms-assignment\app.py:87]
2026-01-10 02:05:50,530 INFO: Request eaf6bac5-9ae3-4639-8364-6c31ce38246b completed in 0.005s [in E:\hrms-assignment\app.py:87]
2026-01-10 02:06:14,492 INFO: Request 8034436a-a9dd-49f4-a7c8-706b35977814 completed in 0.010s [in E:\hrms-assignment\app.py:87]
2026-01-10 02:06:14,539 INFO: Request 6aa96426-b6a5-45d3-ad53-ecaef541176a completed in 0.022s [in E:\hrms-assignment\app.py:87]
2026-01-10 02:06:16,337 INFO: Request e6ce47a3-020c-4c35-a26b-ba46a821a857 completed in 0.005s [in E:\hrms-assignment\app.py:87]
2026-01-10 02:06:51,878 INFO: Request 9bcfce38-2bbd-46bf-b24c-cef4d55151ea completed in 0.144s [in E:\hrms-assignment\app.py:87]
2026-01-10 02:06:51,970 INFO: Request 3d099fcd-3f85-4374-811c-38209e4f0efd completed in 0.011s [in E:\hrms-assignment\app.py:87]
2026-01-10 02:07:10,369 INFO: Created attendance for employee 2 on 2026-01-09 [in E:\hrms-assignment\app.py:557]
2026-01-10 02:07:10,369 INFO: Request eaaf1662-cb5d-4e3c-822b-46c7a716b8b1 completed in 0.138s [in E:\hrms-assignment\app.py:87]
2026-01-10 02:07:10,394 INFO: Request 2a2a09c7-413a-4f00-bbd9-c0f3d7dfe291 completed in 0.007s [in E:\hrms-assignment\app.py:87]
2026-01-10 02:07:24,763 INFO: Request f9290075-8437-4861-9e68-6b6a1617304e completed in 0.109s [in E:\hrms-assignment\app.py:87]
2026-01-10 02:07:52,285 INFO: Request f9b97557-bd2a-411d-a9fc-f6bf944f3f23 completed in 0.008s [in E:\hrms-assignment\app.py:87]
2026-01-10 02:07:53,573 INFO: Request 8f316096-0e60-48e8-98ae-edc40e1c6bcf completed in 0.003s [in E:\hrms-assignment\app.py:87]
2026-01-10 02:08:50,412 INFO: Request 6eacc38b-0acd-4133-bcec-fa0c552898fc completed in 0.075s [in E:\hrms-assignment\app.py:87]
2026-01-10 02:08:50,492 INFO: Request 7a3af4a6-febe-4e15-8d5e-3886d442f6bc completed in 0.029s [in E:\hrms-assignment\app.py:87]
2026-01-10 02:08:57,557 INFO: Request 2a19cf24-798e-4e11-a4ce-9581ca1d3d49 completed in 0.063s [in E:\hrms-assignment\app.py:87]
2026-01-10 02:09:13,026 INFO: Request e23dce32-f469-4ce9-84de-2520246f7e5f completed in 0.004s [in E:\hrms-assignment\app.py:87]
2026-01-10 02:09:14,276 INFO: Request 9675b415-6a99-491d-ac08-fd3eaef4a6c1 completed in 0.003s [in E:\hrms-assignment\app.py:87]
2026-01-10 02:19:02,775 INFO: Request 17ffaf74-d432-4af8-9545-939491db297e completed in 0.100s [in E:\hrms-assignment\app.py:87]
2026-01-10 02:19:02,954 INFO: Request c57ab3c7-f526-4a8d-9370-62fee827b43c completed in 0.018s [in E:\hrms-assignment\app.py:87]
2026-01-10 02:19:02,955 INFO: Request e825711b-5324-4000-9dd6-22c082ff9b4d completed in 0.009s [in E:\hrms-assignment\app.py:87]
2026-01-10 02:19:14,131 INFO: Request 3ded6e20-c8a9-4ccf-b5d3-5e0e041b282e completed in 0.008s [in E:\hrms-assignment\app.py:87]
2026-01-10 02:19:15,065 INFO: Request 199623f3-c09f-40bf-9353-2f14652fabd9 completed in 0.004s [in E:\hrms-assignment\app.py:87]
2026-01-10 02:19:20,397 INFO: Request 9eaab75b-7a67-421b-9679-4483e11cd366 completed in 0.025s [in E:\hrms-assignment\app.py:87]
2026-01-10 02:19:25,670 INFO: Request 596922c4-34ab-40cf-b826-fbdd14ea11fb completed in 0.005s [in E:\hrms-assignment\app.py:87]
2026-01-10 02:19:26,384 INFO: Request 10d4a67a-1593-44e7-b9fb-2c9f4a699899 completed in 0.002s [in E:\hrms-assignment\app.py:87]
2026-01-10 02:22:06,648 INFO: HRMS startup [in E:\hrms-assignment\app.py:67]
2026-01-10 02:22:15,134 INFO: Request bf2ac0cb-787f-475a-9b96-cf234f0e2935 completed in 0.051s [in E:\hrms-assignment\app.py:87]
2026-01-10 02:27:18,959 INFO: Request 21605632-81a0-412c-8c6d-abb8701b3621 completed in 0.010s [in E:\hrms-assignment\app.py:87]
2026-01-10 02:35:35,662 INFO: Request 3e6b4951-3a79-4ec1-b3de-c1e387b9b96d completed in 0.003s [in E:\hrms-assignment\app.py:87]
